// Jest Snapshot v1, https://goo.gl/fbAQLP

exports[`renders Paging.js correctly 1`] = `
<h5
  className="paging"
>
  No results! :(
</h5>
`;
